// Jest Snapshot v1, https://goo.gl/fbAQLP

exports[`blocks Can return filtered aggregated data 1`] = `
Object {
  "blocks": Array [
    Object {
      "number": 283413,
      "transactions_aggregate": Object {
        "aggregate": Object {
          "count": "456",
        },
      },
    },
  ],
}
`;

exports[`blocks are linked to their predecessor, and the chain can be traversed 1`] = `
Object {
  "blocks": Array [
    Object {
      "hash": "fe1cf5316ec62103f20e327d121fcc3a5c39513444cb77223cb96c13ea9c83ad",
      "previousBlock": Object {
        "number": 29021,
        "previousBlock": Object {
          "number": 29020,
          "previousBlock": Object {
            "number": 29019,
          },
        },
      },
    },
  ],
}
`;

exports[`blocks are linked to their successor, and the chain can be traversed 1`] = `
Object {
  "blocks": Array [
    Object {
      "hash": "fe1cf5316ec62103f20e327d121fcc3a5c39513444cb77223cb96c13ea9c83ad",
      "nextBlock": Object {
        "nextBlock": Object {
          "nextBlock": Object {
            "number": 29025,
          },
          "number": 29024,
        },
        "number": 29023,
      },
    },
  ],
}
`;
